// Jest Snapshot v1, https://goo.gl/fbAQLP

exports[`App Component It should render 1`] = `
<div
  className="Calculator"
>
  <h2>
    Let's do some Math!
  </h2>
  <div
    className="Size App"
  >
    <h2
      className="Size Display"
    >
      0
    </h2>
    <div
      className="Size ButtonPanel"
    >
      <button
        name="button"
        onClick={[Function]}
        style={
          Object {
            "backgroundColor": "undefined",
            "border": "1px solid #d8d8d8",
            "fontSize": "24px",
            "width": "25%",
          }
        }
        type="button"
      >
        AC
      </button>
      <button
        name="button"
        onClick={[Function]}
        style={
          Object {
            "backgroundColor": "undefined",
            "border": "1px solid #d8d8d8",
            "fontSize": "24px",
            "width": "25%",
          }
        }
        type="button"
      >
        +/-
      </button>
      <button
        name="button"
        onClick={[Function]}
        style={
          Object {
            "backgroundColor": "undefined",
            "border": "1px solid #d8d8d8",
            "fontSize": "24px",
            "width": "25%",
          }
        }
        type="button"
      >
        %
      </button>
      <button
        name="button"
        onClick={[Function]}
        style={
          Object {
            "backgroundColor": "#f5913e",
            "border": "1px solid #d8d8d8",
            "fontSize": "24px",
            "width": "25%",
          }
        }
        type="button"
      >
        รท
      </button>
    </div>
    <div
      className="Size ButtonPanel"
    >
      <button
        name="button"
        onClick={[Function]}
        style={
          Object {
            "backgroundColor": "undefined",
            "border": "1px solid #d8d8d8",
            "fontSize": "24px",
            "width": "25%",
          }
        }
        type="button"
      >
        7
      </button>
      <button
        name="button"
        onClick={[Function]}
        style={
          Object {
            "backgroundColor": "undefined",
            "border": "1px solid #d8d8d8",
            "fontSize": "24px",
            "width": "25%",
          }
        }
        type="button"
      >
        8
      </button>
      <button
        name="button"
        onClick={[Function]}
        style={
          Object {
            "backgroundColor": "undefined",
            "border": "1px solid #d8d8d8",
            "fontSize": "24px",
            "width": "25%",
          }
        }
        type="button"
      >
        9
      </button>
      <button
        name="button"
        onClick={[Function]}
        style={
          Object {
            "backgroundColor": "#f5913e",
            "border": "1px solid #d8d8d8",
            "fontSize": "24px",
            "width": "25%",
          }
        }
        type="button"
      >
        ร
      </button>
    </div>
    <div
      className="Size ButtonPanel"
    >
      <button
        name="button"
        onClick={[Function]}
        style={
          Object {
            "backgroundColor": "undefined",
            "border": "1px solid #d8d8d8",
            "fontSize": "24px",
            "width": "25%",
          }
        }
        type="button"
      >
        4
      </button>
      <button
        name="button"
        onClick={[Function]}
        style={
          Object {
            "backgroundColor": "undefined",
            "border": "1px solid #d8d8d8",
            "fontSize": "24px",
            "width": "25%",
          }
        }
        type="button"
      >
        5
      </button>
      <button
        name="button"
        onClick={[Function]}
        style={
          Object {
            "backgroundColor": "undefined",
            "border": "1px solid #d8d8d8",
            "fontSize": "24px",
            "width": "25%",
          }
        }
        type="button"
      >
        6
      </button>
      <button
        name="button"
        onClick={[Function]}
        style={
          Object {
            "backgroundColor": "#f5913e",
            "border": "1px solid #d8d8d8",
            "fontSize": "24px",
            "width": "25%",
          }
        }
        type="button"
      >
        -
      </button>
    </div>
    <div
      className="Size ButtonPanel"
    >
      <button
        name="button"
        onClick={[Function]}
        style={
          Object {
            "backgroundColor": "undefined",
            "border": "1px solid #d8d8d8",
            "fontSize": "24px",
            "width": "25%",
          }
        }
        type="button"
      >
        1
      </button>
      <button
        name="button"
        onClick={[Function]}
        style={
          Object {
            "backgroundColor": "undefined",
            "border": "1px solid #d8d8d8",
            "fontSize": "24px",
            "width": "25%",
          }
        }
        type="button"
      >
        2
      </button>
      <button
        name="button"
        onClick={[Function]}
        style={
          Object {
            "backgroundColor": "undefined",
            "border": "1px solid #d8d8d8",
            "fontSize": "24px",
            "width": "25%",
          }
        }
        type="button"
      >
        3
      </button>
      <button
        name="button"
        onClick={[Function]}
        style={
          Object {
            "backgroundColor": "#f5913e",
            "border": "1px solid #d8d8d8",
            "fontSize": "24px",
            "width": "25%",
          }
        }
        type="button"
      >
        +
      </button>
    </div>
    <div
      className="Size ButtonPanel"
    >
      <button
        name="button"
        onClick={[Function]}
        style={
          Object {
            "backgroundColor": "undefined",
            "border": "1px solid #d8d8d8",
            "fontSize": "24px",
            "width": "50%",
          }
        }
        type="button"
      >
        0
      </button>
      <button
        name="button"
        onClick={[Function]}
        style={
          Object {
            "backgroundColor": "undefined",
            "border": "1px solid #d8d8d8",
            "fontSize": "24px",
            "width": "25%",
          }
        }
        type="button"
      >
        .
      </button>
      <button
        name="button"
        onClick={[Function]}
        style={
          Object {
            "backgroundColor": "#f5913e",
            "border": "1px solid #d8d8d8",
            "fontSize": "24px",
            "width": "25%",
          }
        }
        type="button"
      >
        =
      </button>
    </div>
  </div>
</div>
`;
