// Jest Snapshot v1, https://goo.gl/fbAQLP

exports[`Error Component It should render 1`] = `
<div>
  <h1>
    404 - Page not found!
  </h1>
</div>
`;
