// Jest Snapshot v1, https://goo.gl/fbAQLP

exports[`Quote Component It should render 1`] = `
<div
  className="Quote"
>
  <p>
    Mathematics is not about numbers, equations, computations, or algorithms:
    <br />
    it is about understanding. â€“ William Paul Thurston
  </p>
</div>
`;
